[wordpressboss.com/cp/tonson-demo/index.html]
[backblue.gif]
[fade.gif]
[index.html]
[wordpressboss.com/cp/tonson-demo/index-2.html]
[wordpressboss.com/cp/tonson-demo/assets/images/about.jpg]
[wordpressboss.com/cp/tonson-demo/assets/images/work/1.jpg]
[wordpressboss.com/cp/tonson-demo/assets/images/work/2.jpg]
[wordpressboss.com/cp/tonson-demo/assets/images/work/3.jpg]
[wordpressboss.com/cp/tonson-demo/assets/images/work/4.jpg]
[wordpressboss.com/cp/tonson-demo/assets/images/work/5.jpg]
[wordpressboss.com/cp/tonson-demo/assets/images/work/6.jpg]
[wordpressboss.com/cp/tonson-demo/assets/js/jquery.min.js]
[wordpressboss.com/cp/tonson-demo/assets/bootstrap/js/bootstrap.min.js]
[wordpressboss.com/cp/tonson-demo/assets/owlcarousel/js/owl.carousel.min.js]
[wordpressboss.com/cp/tonson-demo/assets/js/jquery.magnific-popup.min.js]
[wordpressboss.com/cp/tonson-demo/assets/js/jquery.mixitup.js]
[wordpressboss.com/cp/tonson-demo/assets/js/jquery.stellar.min.js]
[wordpressboss.com/cp/tonson-demo/assets/js/wow.min.js]
[wordpressboss.com/cp/tonson-demo/assets/js/gmap3.min.js]
[wordpressboss.com/cp/tonson-demo/assets/js/google-map.js]
[wordpressboss.com/cp/tonson-demo/assets/js/scripts.js]
[wordpressboss.com/cp/tonson-demo/index.html]
[wordpressboss.com/cp/tonson-demo/assets/bootstrap/fonts/glyphicons-halflings-regular.eot]
[wordpressboss.com/cp/tonson-demo/assets/bootstrap/fonts/glyphicons-halflings-regulard41d.eot]
[wordpressboss.com/cp/tonson-demo/assets/bootstrap/fonts/glyphicons-halflings-regular.woff2]
[wordpressboss.com/cp/tonson-demo/assets/bootstrap/fonts/glyphicons-halflings-regular.woff]
[wordpressboss.com/cp/tonson-demo/assets/bootstrap/fonts/glyphicons-halflings-regular.ttf]
[wordpressboss.com/cp/tonson-demo/assets/bootstrap/css/bootstrap.min.css]
[wordpressboss.com/cp/tonson-demo/assets/fonts/Linearicons-Free54e9.eot]
[wordpressboss.com/cp/tonson-demo/assets/fonts/Linearicons-Freed41d.eot]
[wordpressboss.com/cp/tonson-demo/assets/fonts/Linearicons-Free54e9.woff2]
[wordpressboss.com/cp/tonson-demo/assets/fonts/Linearicons-Free54e9.woff]
[wordpressboss.com/cp/tonson-demo/assets/fonts/Linearicons-Free54e9.ttf]
[wordpressboss.com/cp/tonson-demo/assets/fonts/linear-fonts.css]
[wordpressboss.com/cp/tonson-demo/assets/fonts/fontawesome-webfont3295.eot]
[wordpressboss.com/cp/tonson-demo/assets/fonts/fontawesome-webfontd41d.eot]
[wordpressboss.com/cp/tonson-demo/assets/fonts/fontawesome-webfont3295.woff2]
[wordpressboss.com/cp/tonson-demo/assets/fonts/fontawesome-webfont3295.woff]
[wordpressboss.com/cp/tonson-demo/assets/fonts/fontawesome-webfont3295.ttf]
[wordpressboss.com/cp/tonson-demo/assets/fonts/font-awesome.css]
[wordpressboss.com/cp/tonson-demo/assets/owlcarousel/css/grabbing.2d.delayed]
[www.wordpressboss.com/cp/tonson-demo/assets/owlcarousel/css/grabbing.2e.delayed]
[wordpressboss.com/cp/tonson-demo/assets/owlcarousel/css/owl.carousel.css]
[wordpressboss.com/cp/tonson-demo/assets/owlcarousel/css/AjaxLoader.2f.delayed]
[www.wordpressboss.com/cp/tonson-demo/assets/owlcarousel/css/AjaxLoader.30.delayed]
[wordpressboss.com/cp/tonson-demo/assets/owlcarousel/css/owl.theme.css]
[wordpressboss.com/cp/tonson-demo/assets/css/magnific-popup.css]
[wordpressboss.com/cp/tonson-demo/assets/css/animate.min.css]
[wordpressboss.com/cp/tonson-demo/assets/css/effects.css]
[wordpressboss.com/cp/tonson-demo/assets/images/bg/bg.jpg]
[wordpressboss.com/cp/tonson-demo/assets/css/style.css]
[wordpressboss.com/cp/tonson-demo/assets/css/responsive.css]
[wordpressboss.com/cp/tonson-demo/index-2.html]
[wordpressboss.com/cp/tonson-demo/assets/bootstrap/fonts/glyphicons-halflings-regular.svg]
[wordpressboss.com/cp/tonson-demo/assets/fonts/Linearicons-Free54e9.svg]
[wordpressboss.com/cp/tonson-demo/assets/fonts/fontawesome-webfont3295.svg]
[www.wordpressboss.com/cp/tonson-demo/assets/owlcarousel/css/grabbing.html]
[www.wordpressboss.com/cp/tonson-demo/assets/owlcarousel/css/AjaxLoader.html]
